machine : Intel(R) Xeon(R) Gold 6242R CPU @ 3.10GHz, 8 logical CPUs (8 physical cores)
memory  : 31 GB
os      : Ubuntu 24.04.4 LTS (kernel 6.8.0-139-generic, x86_64)
compiler: g++ (Ubuntu 13.3.0-6ubuntu2~24.04.1) 13.3.0
openmp  : OMP_PROC_BIND=close OMP_PLACES=cores OMP_WAIT_POLICY=unset
sweep   : up to 8 threads, budget x1, 3 repeats (analysis uses the fastest)
started : Sun 13 Sep 2026 20:04:46 NZST
load at start: { 0.04 0.24 0.14 }

thread sweep (full)   : 1 2 3 4 5 6 7 8
thread sweep (coarse) : 1 2 4 8
strong plate sizes    : 400 800 1600 3200
studies               : converge strong weak sync
pipeline check        : ok

[converge] full runs to convergence
  n=100   rep 1 .........
  n=100   rep 2 .........
  n=200   rep 1 .........
  n=200   rep 2 .........
  n=400   rep 1 .........
  n=400   rep 2 .........
  n=800  (single pass) ...

[strong] fixed problem, fixed iteration budget, varying threads
  rep 1  n=400   (10000 iters) .................
  rep 1  n=800   (2500 iters) .................
  rep 1  n=1600  (625 iters) .................
  rep 1  n=3200  (156 iters) .................
  rep 2  n=400   (10000 iters) .................
  rep 2  n=800   (2500 iters) .................
  rep 2  n=1600  (625 iters) .................
  rep 2  n=3200  (156 iters) .................
  rep 3  n=400   (10000 iters) .................
  rep 3  n=800   (2500 iters) .................
  rep 3  n=1600  (625 iters) .................
  rep 3  n=3200  (156 iters) .................

[weak] plate grows as sqrt(p), work per thread held constant
  rep 1 ............
  rep 2 ............
  rep 3 ............

[sync] per-iteration synchronisation cost
  rep 1 .........
  rep 2 .........
  rep 3 .........

load at end: { 2.85 2.60 1.57 }
elapsed    : 12 min 32 s
wrote results-hpc/scaling.csv (324 rows)

next: ./analyse.py results-hpc