machine : Apple M5, 10 cores (4 performance + 6 efficiency)
memory  : 32 GB
os      : macOS 26.3 (arm64)
compiler: Apple clang version 21.0.0 (clang-2100.1.1.101)
repeats : 5 (analysis uses the fastest)
load at start: { 3.04 5.63 5.94 }

[converge] full runs to convergence
  n=100   rep 1 ...............
  n=100   rep 2 ...............
  n=200   rep 1 ...............
  n=200   rep 2 ...............
  n=400   rep 1 ...............
  n=400   rep 2 ...............
  n=800  (single pass) ...

[strong] fixed problem, fixed iteration budget, varying threads
  rep 1  n=400   (10000 iters) .....................
  rep 1  n=800   (2500 iters) .....................
  rep 1  n=1600  (620 iters) .....................
  rep 1  n=3200  (155 iters) .....................
  rep 2  n=400   (10000 iters) .....................
  rep 2  n=800   (2500 iters) .....................
  rep 2  n=1600  (620 iters) .....................
  rep 2  n=3200  (155 iters) .....................
  rep 3  n=400   (10000 iters) .....................
  rep 3  n=800   (2500 iters) .....................
  rep 3  n=1600  (620 iters) .....................
  rep 3  n=3200  (155 iters) .....................
  rep 4  n=400   (10000 iters) .....................
  rep 4  n=800   (2500 iters) .....................
  rep 4  n=1600  (620 iters) .....................
  rep 4  n=3200  (155 iters) .....................
  rep 5  n=400   (10000 iters) .....................
  rep 5  n=800   (2500 iters) .....................
  rep 5  n=1600  (620 iters) .....................
  rep 5  n=3200  (155 iters) .....................

[weak] plate grows as sqrt(p), work per thread held constant
  rep 1 .....................
  rep 2 .....................
  rep 3 .....................
  rep 4 .....................
  rep 5 .....................

[sync] per-iteration synchronisation cost
  rep 1 ...........
  rep 2 ...........
  rep 3 ...........
  rep 4 ...........
  rep 5 ...........

load at end: { 6.56 5.37 5.60 }
wrote results/scaling.csv (673 rows)
